components/sales-form.tsx(68,5): error TS2322: Type 'Resolver<{ clientName: string; workerName: string; product: string; size: string; quantity: unknown; unitPrice: unknown; paymentMethod: "Cash" | "MoMo"; date: Date; }, any, { clientName: string; workerName: string; ... 5 more ...; date: Date; }>' is not assignable to type 'Resolver<{ clientName: string; workerName: string; product: string; size: string; quantity: number; unitPrice: number; paymentMethod: "Cash" | "MoMo"; date: Date; }, any, { clientName: string; ... 6 more ...; date: Date; }>'.
  Types of parameters 'options' and 'options' are incompatible.
    Type 'ResolverOptions<{ clientName: string; workerName: string; product: string; size: string; quantity: number; unitPrice: number; paymentMethod: "Cash" | "MoMo"; date: Date; }>' is not assignable to type 'ResolverOptions<{ clientName: string; workerName: string; product: string; size: string; quantity: unknown; unitPrice: unknown; paymentMethod: "Cash" | "MoMo"; date: Date; }>'.
      Type 'unknown' is not assignable to type 'number'.
components/sales-form.tsx(183,41): error TS2345: Argument of type '(values: { clientName: string; workerName: string; product: string; size: string; quantity: number; unitPrice: number; paymentMethod: "Cash" | "MoMo"; date: Date; }) => Promise<void>' is not assignable to parameter of type 'SubmitHandler<TFieldValues>'.
  Types of parameters 'values' and 'data' are incompatible.
    Type 'TFieldValues' is not assignable to type '{ clientName: string; workerName: string; product: string; size: string; quantity: number; unitPrice: number; paymentMethod: "Cash" | "MoMo"; date: Date; }'.
      Type 'FieldValues' is missing the following properties from type '{ clientName: string; workerName: string; product: string; size: string; quantity: number; unitPrice: number; paymentMethod: "Cash" | "MoMo"; date: Date; }': clientName, workerName, product, size, and 4 more.
components/sales-form.tsx(186,13): error TS2322: Type 'Control<{ clientName: string; workerName: string; product: string; size: string; quantity: number; unitPrice: number; paymentMethod: "Cash" | "MoMo"; date: Date; }, any, TFieldValues>' is not assignable to type 'Control<{ clientName: string; workerName: string; product: string; size: string; quantity: number; unitPrice: number; paymentMethod: "Cash" | "MoMo"; date: Date; }, any, { clientName: string; ... 6 more ...; date: Date; }>'.
  The types of '_options.resolver' are incompatible between these types.
    Type 'Resolver<{ clientName: string; workerName: string; product: string; size: string; quantity: number; unitPrice: number; paymentMethod: "Cash" | "MoMo"; date: Date; }, any, TFieldValues> | undefined' is not assignable to type 'Resolver<{ clientName: string; workerName: string; product: string; size: string; quantity: number; unitPrice: number; paymentMethod: "Cash" | "MoMo"; date: Date; }, any, { clientName: string; ... 6 more ...; date: Date; }> | undefined'.
      Type 'Resolver<{ clientName: string; workerName: string; product: string; size: string; quantity: number; unitPrice: number; paymentMethod: "Cash" | "MoMo"; date: Date; }, any, TFieldValues>' is not assignable to type 'Resolver<{ clientName: string; workerName: string; product: string; size: string; quantity: number; unitPrice: number; paymentMethod: "Cash" | "MoMo"; date: Date; }, any, { clientName: string; ... 6 more ...; date: Date; }>'.
        Type 'ResolverResult<{ clientName: string; workerName: string; product: string; size: string; quantity: number; unitPrice: number; paymentMethod: "Cash" | "MoMo"; date: Date; }, TFieldValues> | Promise<...>' is not assignable to type 'ResolverResult<{ clientName: string; workerName: string; product: string; size: string; quantity: number; unitPrice: number; paymentMethod: "Cash" | "MoMo"; date: Date; }, { clientName: string; workerName: string; ... 5 more ...; date: Date; }> | Promise<...>'.
          Type 'ResolverSuccess<TFieldValues>' is not assignable to type 'ResolverResult<{ clientName: string; workerName: string; product: string; size: string; quantity: number; unitPrice: number; paymentMethod: "Cash" | "MoMo"; date: Date; }, { clientName: string; workerName: string; ... 5 more ...; date: Date; }> | Promise<...>'.
            Type 'ResolverSuccess<TFieldValues>' is not assignable to type 'ResolverSuccess<{ clientName: string; workerName: string; product: string; size: string; quantity: number; unitPrice: number; paymentMethod: "Cash" | "MoMo"; date: Date; }>'.
              Type 'TFieldValues' is not assignable to type '{ clientName: string; workerName: string; product: string; size: string; quantity: number; unitPrice: number; paymentMethod: "Cash" | "MoMo"; date: Date; }'.
                Type 'FieldValues' is missing the following properties from type '{ clientName: string; workerName: string; product: string; size: string; quantity: number; unitPrice: number; paymentMethod: "Cash" | "MoMo"; date: Date; }': clientName, workerName, product, size, and 4 more.
components/sales-form.tsx(228,13): error TS2322: Type 'Control<{ clientName: string; workerName: string; product: string; size: string; quantity: number; unitPrice: number; paymentMethod: "Cash" | "MoMo"; date: Date; }, any, TFieldValues>' is not assignable to type 'Control<{ clientName: string; workerName: string; product: string; size: string; quantity: number; unitPrice: number; paymentMethod: "Cash" | "MoMo"; date: Date; }, any, { clientName: string; ... 6 more ...; date: Date; }>'.
  The types of '_options.resolver' are incompatible between these types.
    Type 'Resolver<{ clientName: string; workerName: string; product: string; size: string; quantity: number; unitPrice: number; paymentMethod: "Cash" | "MoMo"; date: Date; }, any, TFieldValues> | undefined' is not assignable to type 'Resolver<{ clientName: string; workerName: string; product: string; size: string; quantity: number; unitPrice: number; paymentMethod: "Cash" | "MoMo"; date: Date; }, any, { clientName: string; ... 6 more ...; date: Date; }> | undefined'.
      Type 'Resolver<{ clientName: string; workerName: string; product: string; size: string; quantity: number; unitPrice: number; paymentMethod: "Cash" | "MoMo"; date: Date; }, any, TFieldValues>' is not assignable to type 'Resolver<{ clientName: string; workerName: string; product: string; size: string; quantity: number; unitPrice: number; paymentMethod: "Cash" | "MoMo"; date: Date; }, any, { clientName: string; ... 6 more ...; date: Date; }>'.
        Type 'ResolverResult<{ clientName: string; workerName: string; product: string; size: string; quantity: number; unitPrice: number; paymentMethod: "Cash" | "MoMo"; date: Date; }, TFieldValues> | Promise<...>' is not assignable to type 'ResolverResult<{ clientName: string; workerName: string; product: string; size: string; quantity: number; unitPrice: number; paymentMethod: "Cash" | "MoMo"; date: Date; }, { clientName: string; workerName: string; ... 5 more ...; date: Date; }> | Promise<...>'.
          Type 'ResolverSuccess<TFieldValues>' is not assignable to type 'ResolverResult<{ clientName: string; workerName: string; product: string; size: string; quantity: number; unitPrice: number; paymentMethod: "Cash" | "MoMo"; date: Date; }, { clientName: string; workerName: string; ... 5 more ...; date: Date; }> | Promise<...>'.
            Type 'ResolverSuccess<TFieldValues>' is not assignable to type 'ResolverSuccess<{ clientName: string; workerName: string; product: string; size: string; quantity: number; unitPrice: number; paymentMethod: "Cash" | "MoMo"; date: Date; }>'.
              Type 'TFieldValues' is not assignable to type '{ clientName: string; workerName: string; product: string; size: string; quantity: number; unitPrice: number; paymentMethod: "Cash" | "MoMo"; date: Date; }'.
                Type 'FieldValues' is missing the following properties from type '{ clientName: string; workerName: string; product: string; size: string; quantity: number; unitPrice: number; paymentMethod: "Cash" | "MoMo"; date: Date; }': clientName, workerName, product, size, and 4 more.
components/sales-form.tsx(242,13): error TS2322: Type 'Control<{ clientName: string; workerName: string; product: string; size: string; quantity: number; unitPrice: number; paymentMethod: "Cash" | "MoMo"; date: Date; }, any, TFieldValues>' is not assignable to type 'Control<{ clientName: string; workerName: string; product: string; size: string; quantity: number; unitPrice: number; paymentMethod: "Cash" | "MoMo"; date: Date; }, any, { clientName: string; ... 6 more ...; date: Date; }>'.
  The types of '_options.resolver' are incompatible between these types.
    Type 'Resolver<{ clientName: string; workerName: string; product: string; size: string; quantity: number; unitPrice: number; paymentMethod: "Cash" | "MoMo"; date: Date; }, any, TFieldValues> | undefined' is not assignable to type 'Resolver<{ clientName: string; workerName: string; product: string; size: string; quantity: number; unitPrice: number; paymentMethod: "Cash" | "MoMo"; date: Date; }, any, { clientName: string; ... 6 more ...; date: Date; }> | undefined'.
      Type 'Resolver<{ clientName: string; workerName: string; product: string; size: string; quantity: number; unitPrice: number; paymentMethod: "Cash" | "MoMo"; date: Date; }, any, TFieldValues>' is not assignable to type 'Resolver<{ clientName: string; workerName: string; product: string; size: string; quantity: number; unitPrice: number; paymentMethod: "Cash" | "MoMo"; date: Date; }, any, { clientName: string; ... 6 more ...; date: Date; }>'.
        Type 'ResolverResult<{ clientName: string; workerName: string; product: string; size: string; quantity: number; unitPrice: number; paymentMethod: "Cash" | "MoMo"; date: Date; }, TFieldValues> | Promise<...>' is not assignable to type 'ResolverResult<{ clientName: string; workerName: string; product: string; size: string; quantity: number; unitPrice: number; paymentMethod: "Cash" | "MoMo"; date: Date; }, { clientName: string; workerName: string; ... 5 more ...; date: Date; }> | Promise<...>'.
          Type 'ResolverSuccess<TFieldValues>' is not assignable to type 'ResolverResult<{ clientName: string; workerName: string; product: string; size: string; quantity: number; unitPrice: number; paymentMethod: "Cash" | "MoMo"; date: Date; }, { clientName: string; workerName: string; ... 5 more ...; date: Date; }> | Promise<...>'.
            Type 'ResolverSuccess<TFieldValues>' is not assignable to type 'ResolverSuccess<{ clientName: string; workerName: string; product: string; size: string; quantity: number; unitPrice: number; paymentMethod: "Cash" | "MoMo"; date: Date; }>'.
              Type 'TFieldValues' is not assignable to type '{ clientName: string; workerName: string; product: string; size: string; quantity: number; unitPrice: number; paymentMethod: "Cash" | "MoMo"; date: Date; }'.
                Type 'FieldValues' is missing the following properties from type '{ clientName: string; workerName: string; product: string; size: string; quantity: number; unitPrice: number; paymentMethod: "Cash" | "MoMo"; date: Date; }': clientName, workerName, product, size, and 4 more.
components/sales-form.tsx(267,13): error TS2322: Type 'Control<{ clientName: string; workerName: string; product: string; size: string; quantity: number; unitPrice: number; paymentMethod: "Cash" | "MoMo"; date: Date; }, any, TFieldValues>' is not assignable to type 'Control<{ clientName: string; workerName: string; product: string; size: string; quantity: number; unitPrice: number; paymentMethod: "Cash" | "MoMo"; date: Date; }, any, { clientName: string; ... 6 more ...; date: Date; }>'.
  The types of '_options.resolver' are incompatible between these types.
    Type 'Resolver<{ clientName: string; workerName: string; product: string; size: string; quantity: number; unitPrice: number; paymentMethod: "Cash" | "MoMo"; date: Date; }, any, TFieldValues> | undefined' is not assignable to type 'Resolver<{ clientName: string; workerName: string; product: string; size: string; quantity: number; unitPrice: number; paymentMethod: "Cash" | "MoMo"; date: Date; }, any, { clientName: string; ... 6 more ...; date: Date; }> | undefined'.
      Type 'Resolver<{ clientName: string; workerName: string; product: string; size: string; quantity: number; unitPrice: number; paymentMethod: "Cash" | "MoMo"; date: Date; }, any, TFieldValues>' is not assignable to type 'Resolver<{ clientName: string; workerName: string; product: string; size: string; quantity: number; unitPrice: number; paymentMethod: "Cash" | "MoMo"; date: Date; }, any, { clientName: string; ... 6 more ...; date: Date; }>'.
        Type 'ResolverResult<{ clientName: string; workerName: string; product: string; size: string; quantity: number; unitPrice: number; paymentMethod: "Cash" | "MoMo"; date: Date; }, TFieldValues> | Promise<...>' is not assignable to type 'ResolverResult<{ clientName: string; workerName: string; product: string; size: string; quantity: number; unitPrice: number; paymentMethod: "Cash" | "MoMo"; date: Date; }, { clientName: string; workerName: string; ... 5 more ...; date: Date; }> | Promise<...>'.
          Type 'ResolverSuccess<TFieldValues>' is not assignable to type 'ResolverResult<{ clientName: string; workerName: string; product: string; size: string; quantity: number; unitPrice: number; paymentMethod: "Cash" | "MoMo"; date: Date; }, { clientName: string; workerName: string; ... 5 more ...; date: Date; }> | Promise<...>'.
            Type 'ResolverSuccess<TFieldValues>' is not assignable to type 'ResolverSuccess<{ clientName: string; workerName: string; product: string; size: string; quantity: number; unitPrice: number; paymentMethod: "Cash" | "MoMo"; date: Date; }>'.
              Type 'TFieldValues' is not assignable to type '{ clientName: string; workerName: string; product: string; size: string; quantity: number; unitPrice: number; paymentMethod: "Cash" | "MoMo"; date: Date; }'.
                Type 'FieldValues' is missing the following properties from type '{ clientName: string; workerName: string; product: string; size: string; quantity: number; unitPrice: number; paymentMethod: "Cash" | "MoMo"; date: Date; }': clientName, workerName, product, size, and 4 more.
components/sales-form.tsx(292,13): error TS2322: Type 'Control<{ clientName: string; workerName: string; product: string; size: string; quantity: number; unitPrice: number; paymentMethod: "Cash" | "MoMo"; date: Date; }, any, TFieldValues>' is not assignable to type 'Control<{ clientName: string; workerName: string; product: string; size: string; quantity: number; unitPrice: number; paymentMethod: "Cash" | "MoMo"; date: Date; }, any, { clientName: string; ... 6 more ...; date: Date; }>'.
  The types of '_options.resolver' are incompatible between these types.
    Type 'Resolver<{ clientName: string; workerName: string; product: string; size: string; quantity: number; unitPrice: number; paymentMethod: "Cash" | "MoMo"; date: Date; }, any, TFieldValues> | undefined' is not assignable to type 'Resolver<{ clientName: string; workerName: string; product: string; size: string; quantity: number; unitPrice: number; paymentMethod: "Cash" | "MoMo"; date: Date; }, any, { clientName: string; ... 6 more ...; date: Date; }> | undefined'.
      Type 'Resolver<{ clientName: string; workerName: string; product: string; size: string; quantity: number; unitPrice: number; paymentMethod: "Cash" | "MoMo"; date: Date; }, any, TFieldValues>' is not assignable to type 'Resolver<{ clientName: string; workerName: string; product: string; size: string; quantity: number; unitPrice: number; paymentMethod: "Cash" | "MoMo"; date: Date; }, any, { clientName: string; ... 6 more ...; date: Date; }>'.
        Type 'ResolverResult<{ clientName: string; workerName: string; product: string; size: string; quantity: number; unitPrice: number; paymentMethod: "Cash" | "MoMo"; date: Date; }, TFieldValues> | Promise<...>' is not assignable to type 'ResolverResult<{ clientName: string; workerName: string; product: string; size: string; quantity: number; unitPrice: number; paymentMethod: "Cash" | "MoMo"; date: Date; }, { clientName: string; workerName: string; ... 5 more ...; date: Date; }> | Promise<...>'.
          Type 'ResolverSuccess<TFieldValues>' is not assignable to type 'ResolverResult<{ clientName: string; workerName: string; product: string; size: string; quantity: number; unitPrice: number; paymentMethod: "Cash" | "MoMo"; date: Date; }, { clientName: string; workerName: string; ... 5 more ...; date: Date; }> | Promise<...>'.
            Type 'ResolverSuccess<TFieldValues>' is not assignable to type 'ResolverSuccess<{ clientName: string; workerName: string; product: string; size: string; quantity: number; unitPrice: number; paymentMethod: "Cash" | "MoMo"; date: Date; }>'.
              Type 'TFieldValues' is not assignable to type '{ clientName: string; workerName: string; product: string; size: string; quantity: number; unitPrice: number; paymentMethod: "Cash" | "MoMo"; date: Date; }'.
                Type 'FieldValues' is missing the following properties from type '{ clientName: string; workerName: string; product: string; size: string; quantity: number; unitPrice: number; paymentMethod: "Cash" | "MoMo"; date: Date; }': clientName, workerName, product, size, and 4 more.
components/sales-form.tsx(322,13): error TS2322: Type 'Control<{ clientName: string; workerName: string; product: string; size: string; quantity: number; unitPrice: number; paymentMethod: "Cash" | "MoMo"; date: Date; }, any, TFieldValues>' is not assignable to type 'Control<{ clientName: string; workerName: string; product: string; size: string; quantity: number; unitPrice: number; paymentMethod: "Cash" | "MoMo"; date: Date; }, any, { clientName: string; ... 6 more ...; date: Date; }>'.
  The types of '_options.resolver' are incompatible between these types.
    Type 'Resolver<{ clientName: string; workerName: string; product: string; size: string; quantity: number; unitPrice: number; paymentMethod: "Cash" | "MoMo"; date: Date; }, any, TFieldValues> | undefined' is not assignable to type 'Resolver<{ clientName: string; workerName: string; product: string; size: string; quantity: number; unitPrice: number; paymentMethod: "Cash" | "MoMo"; date: Date; }, any, { clientName: string; ... 6 more ...; date: Date; }> | undefined'.
      Type 'Resolver<{ clientName: string; workerName: string; product: string; size: string; quantity: number; unitPrice: number; paymentMethod: "Cash" | "MoMo"; date: Date; }, any, TFieldValues>' is not assignable to type 'Resolver<{ clientName: string; workerName: string; product: string; size: string; quantity: number; unitPrice: number; paymentMethod: "Cash" | "MoMo"; date: Date; }, any, { clientName: string; ... 6 more ...; date: Date; }>'.
        Type 'ResolverResult<{ clientName: string; workerName: string; product: string; size: string; quantity: number; unitPrice: number; paymentMethod: "Cash" | "MoMo"; date: Date; }, TFieldValues> | Promise<...>' is not assignable to type 'ResolverResult<{ clientName: string; workerName: string; product: string; size: string; quantity: number; unitPrice: number; paymentMethod: "Cash" | "MoMo"; date: Date; }, { clientName: string; workerName: string; ... 5 more ...; date: Date; }> | Promise<...>'.
          Type 'ResolverSuccess<TFieldValues>' is not assignable to type 'ResolverResult<{ clientName: string; workerName: string; product: string; size: string; quantity: number; unitPrice: number; paymentMethod: "Cash" | "MoMo"; date: Date; }, { clientName: string; workerName: string; ... 5 more ...; date: Date; }> | Promise<...>'.
            Type 'ResolverSuccess<TFieldValues>' is not assignable to type 'ResolverSuccess<{ clientName: string; workerName: string; product: string; size: string; quantity: number; unitPrice: number; paymentMethod: "Cash" | "MoMo"; date: Date; }>'.
              Type 'TFieldValues' is not assignable to type '{ clientName: string; workerName: string; product: string; size: string; quantity: number; unitPrice: number; paymentMethod: "Cash" | "MoMo"; date: Date; }'.
                Type 'FieldValues' is missing the following properties from type '{ clientName: string; workerName: string; product: string; size: string; quantity: number; unitPrice: number; paymentMethod: "Cash" | "MoMo"; date: Date; }': clientName, workerName, product, size, and 4 more.
components/sales-form.tsx(344,13): error TS2322: Type 'Control<{ clientName: string; workerName: string; product: string; size: string; quantity: number; unitPrice: number; paymentMethod: "Cash" | "MoMo"; date: Date; }, any, TFieldValues>' is not assignable to type 'Control<{ clientName: string; workerName: string; product: string; size: string; quantity: number; unitPrice: number; paymentMethod: "Cash" | "MoMo"; date: Date; }, any, { clientName: string; ... 6 more ...; date: Date; }>'.
  The types of '_options.resolver' are incompatible between these types.
    Type 'Resolver<{ clientName: string; workerName: string; product: string; size: string; quantity: number; unitPrice: number; paymentMethod: "Cash" | "MoMo"; date: Date; }, any, TFieldValues> | undefined' is not assignable to type 'Resolver<{ clientName: string; workerName: string; product: string; size: string; quantity: number; unitPrice: number; paymentMethod: "Cash" | "MoMo"; date: Date; }, any, { clientName: string; ... 6 more ...; date: Date; }> | undefined'.
      Type 'Resolver<{ clientName: string; workerName: string; product: string; size: string; quantity: number; unitPrice: number; paymentMethod: "Cash" | "MoMo"; date: Date; }, any, TFieldValues>' is not assignable to type 'Resolver<{ clientName: string; workerName: string; product: string; size: string; quantity: number; unitPrice: number; paymentMethod: "Cash" | "MoMo"; date: Date; }, any, { clientName: string; ... 6 more ...; date: Date; }>'.
        Type 'ResolverResult<{ clientName: string; workerName: string; product: string; size: string; quantity: number; unitPrice: number; paymentMethod: "Cash" | "MoMo"; date: Date; }, TFieldValues> | Promise<...>' is not assignable to type 'ResolverResult<{ clientName: string; workerName: string; product: string; size: string; quantity: number; unitPrice: number; paymentMethod: "Cash" | "MoMo"; date: Date; }, { clientName: string; workerName: string; ... 5 more ...; date: Date; }> | Promise<...>'.
          Type 'ResolverSuccess<TFieldValues>' is not assignable to type 'ResolverResult<{ clientName: string; workerName: string; product: string; size: string; quantity: number; unitPrice: number; paymentMethod: "Cash" | "MoMo"; date: Date; }, { clientName: string; workerName: string; ... 5 more ...; date: Date; }> | Promise<...>'.
            Type 'ResolverSuccess<TFieldValues>' is not assignable to type 'ResolverSuccess<{ clientName: string; workerName: string; product: string; size: string; quantity: number; unitPrice: number; paymentMethod: "Cash" | "MoMo"; date: Date; }>'.
              Type 'TFieldValues' is not assignable to type '{ clientName: string; workerName: string; product: string; size: string; quantity: number; unitPrice: number; paymentMethod: "Cash" | "MoMo"; date: Date; }'.
                Type 'FieldValues' is missing the following properties from type '{ clientName: string; workerName: string; product: string; size: string; quantity: number; unitPrice: number; paymentMethod: "Cash" | "MoMo"; date: Date; }': clientName, workerName, product, size, and 4 more.
components/sales-form.tsx(358,13): error TS2322: Type 'Control<{ clientName: string; workerName: string; product: string; size: string; quantity: number; unitPrice: number; paymentMethod: "Cash" | "MoMo"; date: Date; }, any, TFieldValues>' is not assignable to type 'Control<{ clientName: string; workerName: string; product: string; size: string; quantity: number; unitPrice: number; paymentMethod: "Cash" | "MoMo"; date: Date; }, any, { clientName: string; ... 6 more ...; date: Date; }>'.
  The types of '_options.resolver' are incompatible between these types.
    Type 'Resolver<{ clientName: string; workerName: string; product: string; size: string; quantity: number; unitPrice: number; paymentMethod: "Cash" | "MoMo"; date: Date; }, any, TFieldValues> | undefined' is not assignable to type 'Resolver<{ clientName: string; workerName: string; product: string; size: string; quantity: number; unitPrice: number; paymentMethod: "Cash" | "MoMo"; date: Date; }, any, { clientName: string; ... 6 more ...; date: Date; }> | undefined'.
      Type 'Resolver<{ clientName: string; workerName: string; product: string; size: string; quantity: number; unitPrice: number; paymentMethod: "Cash" | "MoMo"; date: Date; }, any, TFieldValues>' is not assignable to type 'Resolver<{ clientName: string; workerName: string; product: string; size: string; quantity: number; unitPrice: number; paymentMethod: "Cash" | "MoMo"; date: Date; }, any, { clientName: string; ... 6 more ...; date: Date; }>'.
        Type 'ResolverResult<{ clientName: string; workerName: string; product: string; size: string; quantity: number; unitPrice: number; paymentMethod: "Cash" | "MoMo"; date: Date; }, TFieldValues> | Promise<...>' is not assignable to type 'ResolverResult<{ clientName: string; workerName: string; product: string; size: string; quantity: number; unitPrice: number; paymentMethod: "Cash" | "MoMo"; date: Date; }, { clientName: string; workerName: string; ... 5 more ...; date: Date; }> | Promise<...>'.
          Type 'ResolverSuccess<TFieldValues>' is not assignable to type 'ResolverResult<{ clientName: string; workerName: string; product: string; size: string; quantity: number; unitPrice: number; paymentMethod: "Cash" | "MoMo"; date: Date; }, { clientName: string; workerName: string; ... 5 more ...; date: Date; }> | Promise<...>'.
            Type 'ResolverSuccess<TFieldValues>' is not assignable to type 'ResolverSuccess<{ clientName: string; workerName: string; product: string; size: string; quantity: number; unitPrice: number; paymentMethod: "Cash" | "MoMo"; date: Date; }>'.
              Type 'TFieldValues' is not assignable to type '{ clientName: string; workerName: string; product: string; size: string; quantity: number; unitPrice: number; paymentMethod: "Cash" | "MoMo"; date: Date; }'.
                Type 'FieldValues' is missing the following properties from type '{ clientName: string; workerName: string; product: string; size: string; quantity: number; unitPrice: number; paymentMethod: "Cash" | "MoMo"; date: Date; }': clientName, workerName, product, size, and 4 more.
components/ui/calendar.tsx(55,9): error TS2353: Object literal may only specify known properties, and 'IconLeft' does not exist in type 'Partial<CustomComponents>'.
